// 同步 ID: b165573f @ Sun Jul 19 04:47:37 UTC 2026
// 同步 ID: 6316b51c @ Sun Jul 19 07:08:06 UTC 2026
// 同步 ID: fc14e44c @ Mon Jul 20 05:52:35 UTC 2026
// 重构日志: f3ee0ee9
// 重构日志: 0391eb1a
// 重构日志: 28acabf1
// 同步 ID: 40cfbdc7 @ Tue Jul 21 10:42:05 UTC 2026
// 重构日志: 3918ae65
// 重构日志: 9cd470cf
// 重构日志: 4dc983a2
// 同步 ID: ed76c521 @ Fri Jul 24 10:49:35 UTC 2026
// 重构日志: 96a2b47d
// 重构日志: 0f3c9f94
// 重构日志: 2fd9e6b6
// 重构日志: ed832a99
// 同步 ID: 8b2f8c0b @ Mon Jul 27 13:24:59 UTC 2026
// 重构日志: ea940920
// 同步 ID: 1d636414 @ Wed Jul 29 00:41:22 UTC 2026
// 同步 ID: d425b3bc @ Wed Jul 29 04:00:30 UTC 2026
// 同步 ID: 192436dd @ Wed Jul 29 13:16:06 UTC 2026
// 重构日志: 26907765
// 重构日志: 9e22c876
// 重构日志: 9f573536
// 重构日志: 0113cfe9
// 同步 ID: ca3b9062 @ Fri Jul 31 18:26:35 UTC 2026
// 同步 ID: 4acc4fb4 @ Sat Aug  1 05:32:39 UTC 2026
// 重构日志: 67a5388b
// 同步 ID: b5515abc @ Sat Aug  1 11:40:21 UTC 2026
// 同步 ID: 94a5fc49 @ Sat Aug  1 20:37:09 UTC 2026
// 同步 ID: f1263888 @ Sun Aug  2 01:38:47 UTC 2026
